\BOOKMARK [1][-]{section.1}{\376\377\000I\000n\000t\000r\000o\000d\000u\000c\000t\000i\000o\000n}{}% 1
\BOOKMARK [2][-]{subsection.1.1}{\376\377\000M\000o\000t\000i\000v\000a\000t\000i\000o\000n\000:\000\040\000T\000r\000a\000i\000n\000i\000n\000g\000\040\000D\000a\000t\000a\000\040\000G\000r\000o\000w\000t\000h\000\040\000a\000n\000d\000\040\000I\000t\000s\000\040\000L\000i\000m\000i\000t\000s}{section.1}% 2
\BOOKMARK [2][-]{subsection.1.2}{\376\377\000T\000h\000e\000\040\000T\000e\000m\000p\000o\000r\000a\000l\000\040\000L\000a\000n\000g\000u\000a\000g\000e\000\040\000P\000r\000o\000b\000l\000e\000m}{section.1}% 3
\BOOKMARK [2][-]{subsection.1.3}{\376\377\000L\000i\000n\000g\000u\000i\000s\000t\000i\000c\000\040\000F\000r\000a\000m\000i\000n\000g}{section.1}% 4
\BOOKMARK [2][-]{subsection.1.4}{\376\377\000C\000o\000n\000t\000r\000i\000b\000u\000t\000i\000o\000n\000s}{section.1}% 5
\BOOKMARK [1][-]{section.2}{\376\377\000B\000a\000c\000k\000g\000r\000o\000u\000n\000d\000\040\000\046\000\040\000R\000e\000l\000a\000t\000e\000d\000\040\000W\000o\000r\000k}{}% 6
\BOOKMARK [2][-]{subsection.2.1}{\376\377\000T\000r\000a\000i\000n\000i\000n\000g\000\040\000D\000a\000t\000a\000\040\000S\000o\000u\000r\000c\000e\000s\000\040\000a\000n\000d\000\040\000T\000e\000m\000p\000o\000r\000a\000l\000\040\000C\000o\000v\000e\000r\000a\000g\000e}{section.2}% 7
\BOOKMARK [1][-]{section.3}{\376\377\000M\000e\000t\000h\000o\000d\000o\000l\000o\000g\000y}{}% 8
\BOOKMARK [2][-]{subsection.3.1}{\376\377\000Q\000u\000a\000n\000t\000i\000t\000a\000t\000i\000v\000e\000\040\000e\000p\000h\000e\000m\000e\000r\000a\000l\000i\000t\000y\000\040\000c\000r\000i\000t\000e\000r\000i\000o\000n\000.}{section.3}% 9
\BOOKMARK [2][-]{subsection.3.2}{\376\377\000E\000x\000p\000e\000r\000i\000m\000e\000n\000t\000\040\0001\000:\000\040\000C\000o\000r\000p\000u\000s\000\040\000F\000r\000e\000q\000u\000e\000n\000c\000y\000\040\000A\000n\000a\000l\000y\000s\000i\000s\000\040\000\050\000F\000i\000n\000e\000W\000e\000b\000\051}{section.3}% 10
\BOOKMARK [2][-]{subsection.3.3}{\376\377\000E\000x\000p\000e\000r\000i\000m\000e\000n\000t\000\040\0002\000:\000\040\000D\000i\000r\000e\000c\000t\000\040\000Y\000e\000a\000r\000\040\000A\000s\000s\000o\000c\000i\000a\000t\000i\000o\000n}{section.3}% 11
\BOOKMARK [2][-]{subsection.3.4}{\376\377\000E\000x\000p\000e\000r\000i\000m\000e\000n\000t\000\040\0003\000:\000\040\000S\000e\000m\000a\000n\000t\000i\000c\000\040\000S\000l\000o\000t\000\040\000Q\000u\000e\000r\000y\000i\000n\000g}{section.3}% 12
\BOOKMARK [1][-]{section.4}{\376\377\000A\000n\000a\000l\000y\000s\000i\000s}{}% 13
\BOOKMARK [2][-]{subsection.4.1}{\376\377\000E\000x\000p\000e\000r\000i\000m\000e\000n\000t\000\040\0001\000:\000\040\000C\000o\000r\000p\000u\000s\000\040\000F\000r\000e\000q\000u\000e\000n\000c\000y\000\040\000O\000v\000e\000r\000\040\000T\000i\000m\000e}{section.4}% 14
\BOOKMARK [2][-]{subsection.4.2}{\376\377\000E\000x\000p\000e\000r\000i\000m\000e\000n\000t\000\040\0002\000:\000\040\000D\000i\000r\000e\000c\000t\000\040\000Y\000e\000a\000r\000\040\000A\000s\000s\000o\000c\000i\000a\000t\000i\000o\000n}{section.4}% 15
\BOOKMARK [2][-]{subsection.4.3}{\376\377\000E\000x\000p\000e\000r\000i\000m\000e\000n\000t\000\040\0003\000:\000\040\000S\000e\000m\000a\000n\000t\000i\000c\000\040\000S\000l\000o\000t\000\040\000Q\000u\000e\000r\000y\000i\000n\000g}{section.4}% 16
\BOOKMARK [2][-]{subsection.4.4}{\376\377\000E\000x\000p\000e\000r\000i\000m\000e\000n\000t\000\040\0004\000:\000\040\000P\000e\000r\000s\000o\000n\000a\000\040\000P\000r\000o\000m\000p\000t\000i\000n\000g}{section.4}% 17
\BOOKMARK [1][-]{section.5}{\376\377\000R\000e\000s\000u\000l\000t\000s}{}% 18
\BOOKMARK [1][-]{section.6}{\376\377\000D\000i\000s\000c\000u\000s\000s\000i\000o\000n}{}% 19
\BOOKMARK [2][-]{subsection.6.1}{\376\377\000I\000n\000t\000e\000r\000p\000r\000e\000t\000a\000t\000i\000o\000n}{section.6}% 20
\BOOKMARK [2][-]{subsection.6.2}{\376\377\000I\000m\000p\000l\000i\000c\000a\000t\000i\000o\000n\000s\000\040\000f\000o\000r\000\040\000T\000r\000a\000i\000n\000i\000n\000g\000\040\000D\000a\000t\000a}{section.6}% 21
\BOOKMARK [1][-]{section.7}{\376\377\000L\000i\000m\000i\000t\000a\000t\000i\000o\000n\000s}{}% 22
\BOOKMARK [1][-]{section.8}{\376\377\000F\000u\000t\000u\000r\000e\000\040\000W\000o\000r\000k}{}% 23
\BOOKMARK [1][-]{appendix.A}{\376\377\000T\000a\000r\000g\000e\000t\000\040\000W\000o\000r\000d\000s\000\040\000a\000n\000d\000\040\000C\000o\000r\000p\000u\000s\000\040\000P\000e\000a\000k\000s}{}% 24
\BOOKMARK [1][-]{appendix.B}{\376\377\000E\000p\000h\000e\000m\000e\000r\000a\000l\000i\000t\000y\000\040\000C\000r\000i\000t\000e\000r\000i\000o\000n\000:\000\040\000P\000e\000r\000-\000W\000o\000r\000d\000\040\000S\000t\000a\000t\000i\000s\000t\000i\000c\000s}{}% 25
\BOOKMARK [1][-]{appendix.C}{\376\377\000E\000x\000p\000e\000r\000i\000m\000e\000n\000t\000\040\0001\000:\000\040\000F\000i\000n\000e\000W\000e\000b\000\040\000C\000o\000r\000p\000u\000s\000\040\000F\000r\000e\000q\000u\000e\000n\000c\000y}{}% 26
\BOOKMARK [2][-]{subsection.C.1}{\376\377\000C\000o\000r\000p\000u\000s\000\040\000a\000n\000d\000\040\000t\000o\000k\000e\000n\000\040\000b\000u\000d\000g\000e\000t}{appendix.C}% 27
\BOOKMARK [2][-]{subsection.C.2}{\376\377\000C\000o\000n\000t\000e\000x\000t\000\040\000e\000x\000t\000r\000a\000c\000t\000i\000o\000n}{appendix.C}% 28
\BOOKMARK [2][-]{subsection.C.3}{\376\377\000S\000e\000n\000s\000e\000\040\000d\000i\000s\000a\000m\000b\000i\000g\000u\000a\000t\000i\000o\000n}{appendix.C}% 29
\BOOKMARK [2][-]{subsection.C.4}{\376\377\000N\000o\000r\000m\000a\000l\000i\000s\000a\000t\000i\000o\000n\000\040\000a\000n\000d\000\040\000u\000n\000c\000e\000r\000t\000a\000i\000n\000t\000y}{appendix.C}% 30
\BOOKMARK [2][-]{subsection.C.5}{\376\377\000P\000l\000o\000t\000t\000i\000n\000g\000\040\000a\000n\000d\000\040\000p\000e\000a\000k\000\040\000e\000x\000t\000r\000a\000c\000t\000i\000o\000n}{appendix.C}% 31
\BOOKMARK [2][-]{subsection.C.6}{\376\377\000I\000m\000p\000l\000e\000m\000e\000n\000t\000a\000t\000i\000o\000n}{appendix.C}% 32
\BOOKMARK [1][-]{appendix.D}{\376\377\000S\000e\000n\000s\000e\000\040\000C\000l\000a\000s\000s\000i\000f\000i\000e\000r\000:\000\040\000D\000a\000t\000a\000,\000\040\000T\000r\000a\000i\000n\000i\000n\000g\000,\000\040\000a\000n\000d\000\040\000V\000a\000l\000i\000d\000a\000t\000i\000o\000n}{}% 33
\BOOKMARK [2][-]{subsection.D.1}{\376\377\000M\000o\000d\000e\000l\000\040\000a\000n\000d\000\040\000t\000r\000a\000i\000n\000i\000n\000g}{appendix.D}% 34
\BOOKMARK [2][-]{subsection.D.2}{\376\377\000A\000n\000n\000o\000t\000a\000t\000i\000o\000n\000\040\000d\000a\000t\000a}{appendix.D}% 35
\BOOKMARK [2][-]{subsection.D.3}{\376\377\000V\000a\000l\000i\000d\000a\000t\000i\000o\000n\000\040\000o\000f\000\040\000t\000h\000e\000\040\000s\000y\000n\000t\000h\000e\000t\000i\000c\000\040\000l\000a\000b\000e\000l\000s}{appendix.D}% 36
\BOOKMARK [2][-]{subsection.D.4}{\376\377\000H\000e\000l\000d\000-\000o\000u\000t\000\040\000e\000v\000a\000l\000u\000a\000t\000i\000o\000n\000\040\000p\000r\000o\000t\000o\000c\000o\000l}{appendix.D}% 37
\BOOKMARK [1][-]{appendix.E}{\376\377\000E\000x\000p\000e\000r\000i\000m\000e\000n\000t\000\040\0002\000:\000\040\000D\000i\000r\000e\000c\000t\000\040\000Y\000e\000a\000r\000\040\000A\000s\000s\000o\000c\000i\000a\000t\000i\000o\000n}{}% 38
\BOOKMARK [1][-]{appendix.F}{\376\377\000E\000x\000p\000e\000r\000i\000m\000e\000n\000t\000\040\0003\000:\000\040\000S\000e\000m\000a\000n\000t\000i\000c\000\040\000S\000l\000o\000t\000\040\000Q\000u\000e\000r\000y\000i\000n\000g}{}% 39
\BOOKMARK [1][-]{appendix.G}{\376\377\000M\000o\000d\000e\000l\000s\000\040\000a\000n\000d\000\040\000S\000a\000m\000p\000l\000i\000n\000g}{}% 40
\BOOKMARK [1][-]{appendix.H}{\376\377\000N\000a\000t\000u\000r\000a\000l\000i\000s\000t\000i\000c\000\040\000G\000e\000n\000e\000r\000a\000t\000i\000o\000n\000:\000\040\000S\000t\000a\000t\000i\000s\000t\000i\000c\000a\000l\000\040\000A\000n\000a\000l\000y\000s\000e\000s}{}% 41
\BOOKMARK [2][-]{subsection.H.1}{\376\377\000P\000r\000o\000b\000e\000\040\000a\000n\000d\000\040\000v\000o\000c\000a\000b\000u\000l\000a\000r\000y}{appendix.H}% 42
\BOOKMARK [2][-]{subsection.H.2}{\376\377\000E\000f\000f\000e\000c\000t\000i\000v\000e\000\040\000v\000i\000n\000t\000a\000g\000e}{appendix.H}% 43
\BOOKMARK [2][-]{subsection.H.3}{\376\377\000T\000e\000m\000p\000o\000r\000a\000l\000\040\000m\000i\000x\000t\000u\000r\000e}{appendix.H}% 44
\BOOKMARK [2][-]{subsection.H.4}{\376\377\000R\000e\000g\000r\000e\000s\000s\000i\000o\000n\000\040\000c\000r\000o\000s\000s\000-\000c\000h\000e\000c\000k}{appendix.H}% 45
